// Jest Snapshot v1, https://goo.gl/fbAQLP

exports[`it should generate a HTML report 1`] = `
"
        <html>
        <title> Dependency Check -- Report </title>
        <head>
        </head>
        <style>
        {
        font-family: Arial, Helvetica, sans-serif;
        border-collapse: collapse;
        width: 100%;
        }

        div.wrapper{
        display: flex;
        flex-direction: column;
        flex-wrap: wrap;
        width:100%;
        }

        .header, .sub-header{
          flex-direction: row;
          width:90%;
        }
        
        .legend-table {
          flex-direction: row;
          width: 50%;
          margin-right: 3em;
        }
        
        .dep-table, .dev-table, .peer-table, .error-table {
             width: 80%;
             flex-direction: row;
             min-width: 60%;
        }
        .status {
          min-width: 5em;
        }

         td, th {
        border: 1px solid #ddd;
        padding: 8px;
        }
        tr {
            cursor: pointer;
        }
        tr:nth-child(even){background-color: #f2f2f2;}

        tr:hover {background-color: #ddd;}

        #th {
        padding-top: 12px;
        padding-bottom: 12px;
        text-align: left;
        background-color: #04AA6D;
        color: white;
        }
        </style>
    
        <body>
        <div class=\\"wrapper\\">
        <div class=header>
        <h2>Dependency Check Results for @prodigytech/js-dependency-check v4.0.0 </h2>
        </div>
        <div class=\\"sub-header\\">
          <h3>⚠️ There are  5 packages that need to be updated </h3>
        </div>
        
        <div class=\\"legend-table\\"> 
              
                    <h4>Legend </h4>
                <table id=\\"legend\\">
                    <thead>
                        <tr>
                        <td>Color</td>
                        <td>Meaning</td>
                        <td>Upgrade Type</td>
                    </thead>
                    <tbody>
                       <tr>
                           <td style=\\"background-color:green\\"></td>
                           <td>Up to date, no action needed.</td>
                           <td>UP TO DATE N/A</td>
                           </tr><tr>
                           <td style=\\"background-color:yellowgreen\\"></td>
                           <td>Patch upgrade, no breaking changes</td>
                           <td>PATCH</td>
                           </tr><tr>
                           <td style=\\"background-color:yellow\\"></td>
                           <td>Minor upgrade, possible breaking changes. 
 Consult the change log</td>
                           <td>PREPATCH PREMINOR MINOR</td>
                           </tr><tr>
                           <td style=\\"background-color:red\\"></td>
                           <td>Major upgrade with breaking changes. 
 Consult the change log</td>
                           <td>PRERELEASE MAJOR PREMAJOR</td>
                           </tr>
                    </tbody>
                    </table>
        </div>
        <div class=\\"stats-table\\">
              
                    <h4>Stats </h4>
                <table id=\\"stats\\">
                    <thead>
                        <tr>
                        <td>Upgrade Type</td>
                        <td>Package Count</td>
                    </thead>
                    <tbody>
                    
                      <tr>
                      <td>PATCH</td>
                      <td>2</td>
                      </tr>
                      
                      <tr>
                      <td>MINOR</td>
                      <td>3</td>
                      </tr>
                      
                    </tbody>
                    </table>
        </div>
        <div class=\\"dep-table\\">
                
                    <h2>Dependencies</h2>
                <table id=\\"result-table-Dependencies style=\\"width:100%\\">
                    <thead>
                        <tr>
                        <td>Package</td>
                        <td>Current Version</td>
                        <td>Current Release Date</td>
                        <td>Latest Version</td>
                        <td>Latest Version Release Date</td>
                        <td>Status</td>
                        <td> Upgrade Type </td>
                        <td> Link to package in registry </td>
                        <td> Link to package on NPM </td>
                        </tr>
                    </thead>
                    <tbody>
                       <tr>
                        <td>@babel/preset-env</td>
                        <td> 7.16.11 </td>
                        <td>1/20/2022</td>
                        <td>7.18.2 </td>
                         <td>5/25/2022</td>
                        <td class=\\"status\\" style=background-color:yellow>OUTDATED</td>
                        <td> MINOR </td>
                        <td> <a href=https://registry.npmjs.org/@babel/preset-env target=\\"_blank\\"> https://registry.npmjs.org/@babel/preset-env </a> </td>
                        <td> <a href=https://www.npmjs.com/package/@babel/preset-env target=\\"_blank\\"> https://www.npmjs.com/package/@babel/preset-env </a> </td>
                        </tr><tr>
                        <td>app-root-path</td>
                        <td> 3.0.0 </td>
                        <td>10/31/2019</td>
                        <td>3.0.0 </td>
                         <td>10/31/2019</td>
                        <td class=\\"status\\" style=background-color:green>UP TO DATE</td>
                        <td> N/A </td>
                        <td> <a href=https://registry.npmjs.org/app-root-path target=\\"_blank\\"> https://registry.npmjs.org/app-root-path </a> </td>
                        <td> <a href=https://www.npmjs.com/package/app-root-path target=\\"_blank\\"> https://www.npmjs.com/package/app-root-path </a> </td>
                        </tr><tr>
                        <td>axios</td>
                        <td> 0.27.1 </td>
                        <td>4/26/2022</td>
                        <td>0.27.2 </td>
                         <td>4/27/2022</td>
                        <td class=\\"status\\" style=background-color:yellowgreen>OUTDATED</td>
                        <td> PATCH </td>
                        <td> <a href=https://registry.npmjs.org/axios target=\\"_blank\\"> https://registry.npmjs.org/axios </a> </td>
                        <td> <a href=https://www.npmjs.com/package/axios target=\\"_blank\\"> https://www.npmjs.com/package/axios </a> </td>
                        </tr><tr>
                        <td>babel-jest</td>
                        <td> 28.0.1 </td>
                        <td>4/26/2022</td>
                        <td>28.1.1 </td>
                         <td>6/6/2022</td>
                        <td class=\\"status\\" style=background-color:yellow>OUTDATED</td>
                        <td> MINOR </td>
                        <td> <a href=https://registry.npmjs.org/babel-jest target=\\"_blank\\"> https://registry.npmjs.org/babel-jest </a> </td>
                        <td> <a href=https://www.npmjs.com/package/babel-jest target=\\"_blank\\"> https://www.npmjs.com/package/babel-jest </a> </td>
                        </tr><tr>
                        <td>jest</td>
                        <td> 28.0.1 </td>
                        <td>4/26/2022</td>
                        <td>28.1.1 </td>
                         <td>6/6/2022</td>
                        <td class=\\"status\\" style=background-color:yellow>OUTDATED</td>
                        <td> MINOR </td>
                        <td> <a href=https://registry.npmjs.org/jest target=\\"_blank\\"> https://registry.npmjs.org/jest </a> </td>
                        <td> <a href=https://www.npmjs.com/package/jest target=\\"_blank\\"> https://www.npmjs.com/package/jest </a> </td>
                        </tr><tr>
                        <td>semver</td>
                        <td> 7.3.7 </td>
                        <td>4/12/2022</td>
                        <td>7.3.7 </td>
                         <td>4/12/2022</td>
                        <td class=\\"status\\" style=background-color:green>UP TO DATE</td>
                        <td> N/A </td>
                        <td> <a href=https://registry.npmjs.org/semver target=\\"_blank\\"> https://registry.npmjs.org/semver </a> </td>
                        <td> <a href=https://www.npmjs.com/package/semver target=\\"_blank\\"> https://www.npmjs.com/package/semver </a> </td>
                        </tr>
                    </tbody>
                    </table>
        </div>
        <div class=\\"dev-table\\">
                
                    <h2>Dev Dependencies</h2>
                <table id=\\"result-table-Dev Dependencies style=\\"width:100%\\">
                    <thead>
                        <tr>
                        <td>Package</td>
                        <td>Current Version</td>
                        <td>Current Release Date</td>
                        <td>Latest Version</td>
                        <td>Latest Version Release Date</td>
                        <td>Status</td>
                        <td> Upgrade Type </td>
                        <td> Link to package in registry </td>
                        <td> Link to package on NPM </td>
                        </tr>
                    </thead>
                    <tbody>
                       <tr>
                        <td>@semantic-release/changelog</td>
                        <td> 6.0.1 </td>
                        <td>10/29/2021</td>
                        <td>6.0.1 </td>
                         <td>10/29/2021</td>
                        <td class=\\"status\\" style=background-color:green>UP TO DATE</td>
                        <td> N/A </td>
                        <td> <a href=https://registry.npmjs.org/@semantic-release/changelog target=\\"_blank\\"> https://registry.npmjs.org/@semantic-release/changelog </a> </td>
                        <td> <a href=https://www.npmjs.com/package/@semantic-release/changelog target=\\"_blank\\"> https://www.npmjs.com/package/@semantic-release/changelog </a> </td>
                        </tr><tr>
                        <td>@semantic-release/exec</td>
                        <td> 6.0.3 </td>
                        <td>12/15/2021</td>
                        <td>6.0.3 </td>
                         <td>12/15/2021</td>
                        <td class=\\"status\\" style=background-color:green>UP TO DATE</td>
                        <td> N/A </td>
                        <td> <a href=https://registry.npmjs.org/@semantic-release/exec target=\\"_blank\\"> https://registry.npmjs.org/@semantic-release/exec </a> </td>
                        <td> <a href=https://www.npmjs.com/package/@semantic-release/exec target=\\"_blank\\"> https://www.npmjs.com/package/@semantic-release/exec </a> </td>
                        </tr><tr>
                        <td>@semantic-release/git</td>
                        <td> 10.0.1 </td>
                        <td>10/29/2021</td>
                        <td>10.0.1 </td>
                         <td>10/29/2021</td>
                        <td class=\\"status\\" style=background-color:green>UP TO DATE</td>
                        <td> N/A </td>
                        <td> <a href=https://registry.npmjs.org/@semantic-release/git target=\\"_blank\\"> https://registry.npmjs.org/@semantic-release/git </a> </td>
                        <td> <a href=https://www.npmjs.com/package/@semantic-release/git target=\\"_blank\\"> https://www.npmjs.com/package/@semantic-release/git </a> </td>
                        </tr><tr>
                        <td>rollup-plugin-terser</td>
                        <td> 7.0.2 </td>
                        <td>9/4/2020</td>
                        <td>7.0.2 </td>
                         <td>9/4/2020</td>
                        <td class=\\"status\\" style=background-color:green>UP TO DATE</td>
                        <td> N/A </td>
                        <td> <a href=https://registry.npmjs.org/rollup-plugin-terser target=\\"_blank\\"> https://registry.npmjs.org/rollup-plugin-terser </a> </td>
                        <td> <a href=https://www.npmjs.com/package/rollup-plugin-terser target=\\"_blank\\"> https://www.npmjs.com/package/rollup-plugin-terser </a> </td>
                        </tr><tr>
                        <td>semantic-release</td>
                        <td> 19.0.2 </td>
                        <td>1/17/2022</td>
                        <td>19.0.3 </td>
                         <td>6/8/2022</td>
                        <td class=\\"status\\" style=background-color:yellowgreen>OUTDATED</td>
                        <td> PATCH </td>
                        <td> <a href=https://registry.npmjs.org/semantic-release target=\\"_blank\\"> https://registry.npmjs.org/semantic-release </a> </td>
                        <td> <a href=https://www.npmjs.com/package/semantic-release target=\\"_blank\\"> https://www.npmjs.com/package/semantic-release </a> </td>
                        </tr>
                    </tbody>
                    </table>
        </div>
        <div class=\\"peer-table\\">
                
        </div>
        <div class=\\"error-table\\">
            
        </div>
        </div>
        </body>
        </html>
    "
`;

exports[`it should generate a JSON report 1`] = `
"{
  \\"repoInfo\\": {
    \\"name\\": \\"@prodigytech/js-dependency-check\\",
    \\"version\\": \\"4.0.0\\"
  },
  \\"packages\\": {
    \\"devDependencies\\": [
      {
        \\"package\\": {
          \\"name\\": \\"@semantic-release/changelog\\",
          \\"registry_url\\": \\"https://registry.npmjs.org/@semantic-release/changelog\\",
          \\"npm_url\\": \\"https://www.npmjs.com/package/@semantic-release/changelog\\",
          \\"latest\\": {
            \\"version\\": \\"6.0.1\\",
            \\"releaseDate\\": \\"2021-10-30T05:33:19.426Z\\"
          },
          \\"current\\": {
            \\"version\\": \\"6.0.1\\",
            \\"releaseDate\\": \\"2021-10-30T05:33:19.426Z\\"
          },
          \\"upgradeType\\": \\"N/A\\",
          \\"error\\": false
        }
      },
      {
        \\"package\\": {
          \\"name\\": \\"@semantic-release/exec\\",
          \\"registry_url\\": \\"https://registry.npmjs.org/@semantic-release/exec\\",
          \\"npm_url\\": \\"https://www.npmjs.com/package/@semantic-release/exec\\",
          \\"latest\\": {
            \\"version\\": \\"6.0.3\\",
            \\"releaseDate\\": \\"2021-12-15T19:12:43.779Z\\"
          },
          \\"current\\": {
            \\"version\\": \\"6.0.3\\",
            \\"releaseDate\\": \\"2021-12-15T19:12:43.779Z\\"
          },
          \\"upgradeType\\": \\"N/A\\",
          \\"error\\": false
        }
      },
      {
        \\"package\\": {
          \\"name\\": \\"@semantic-release/git\\",
          \\"registry_url\\": \\"https://registry.npmjs.org/@semantic-release/git\\",
          \\"npm_url\\": \\"https://www.npmjs.com/package/@semantic-release/git\\",
          \\"latest\\": {
            \\"version\\": \\"10.0.1\\",
            \\"releaseDate\\": \\"2021-10-30T05:27:04.269Z\\"
          },
          \\"current\\": {
            \\"version\\": \\"10.0.1\\",
            \\"releaseDate\\": \\"2021-10-30T05:27:04.269Z\\"
          },
          \\"upgradeType\\": \\"N/A\\",
          \\"error\\": false
        }
      },
      {
        \\"package\\": {
          \\"name\\": \\"rollup-plugin-terser\\",
          \\"registry_url\\": \\"https://registry.npmjs.org/rollup-plugin-terser\\",
          \\"npm_url\\": \\"https://www.npmjs.com/package/rollup-plugin-terser\\",
          \\"latest\\": {
            \\"version\\": \\"7.0.2\\",
            \\"releaseDate\\": \\"2020-09-04T18:39:17.900Z\\"
          },
          \\"current\\": {
            \\"version\\": \\"7.0.2\\",
            \\"releaseDate\\": \\"2020-09-04T18:39:17.900Z\\"
          },
          \\"upgradeType\\": \\"N/A\\",
          \\"error\\": false
        }
      },
      {
        \\"package\\": {
          \\"name\\": \\"semantic-release\\",
          \\"registry_url\\": \\"https://registry.npmjs.org/semantic-release\\",
          \\"npm_url\\": \\"https://www.npmjs.com/package/semantic-release\\",
          \\"latest\\": {
            \\"version\\": \\"19.0.3\\",
            \\"releaseDate\\": \\"2022-06-09T02:10:38.012Z\\"
          },
          \\"current\\": {
            \\"version\\": \\"19.0.2\\",
            \\"releaseDate\\": \\"2022-01-18T05:27:14.724Z\\"
          },
          \\"upgradeType\\": \\"PATCH\\",
          \\"error\\": false
        }
      }
    ],
    \\"peerDependencies\\": [],
    \\"dependencies\\": [
      {
        \\"package\\": {
          \\"name\\": \\"@babel/preset-env\\",
          \\"registry_url\\": \\"https://registry.npmjs.org/@babel/preset-env\\",
          \\"npm_url\\": \\"https://www.npmjs.com/package/@babel/preset-env\\",
          \\"latest\\": {
            \\"version\\": \\"7.18.6\\",
            \\"releaseDate\\": \\"2022-06-27T19:50:53.882Z\\"
          },
          \\"current\\": {
            \\"version\\": \\"7.16.11\\",
            \\"releaseDate\\": \\"2022-01-20T15:07:51.834Z\\"
          },
          \\"upgradeType\\": \\"MINOR\\",
          \\"error\\": false
        }
      },
      {
        \\"package\\": {
          \\"name\\": \\"app-root-path\\",
          \\"registry_url\\": \\"https://registry.npmjs.org/app-root-path\\",
          \\"npm_url\\": \\"https://www.npmjs.com/package/app-root-path\\",
          \\"latest\\": {
            \\"version\\": \\"3.0.0\\",
            \\"releaseDate\\": \\"2019-10-31T15:32:11.882Z\\"
          },
          \\"current\\": {
            \\"version\\": \\"3.0.0\\",
            \\"releaseDate\\": \\"2019-10-31T15:32:11.882Z\\"
          },
          \\"upgradeType\\": \\"N/A\\",
          \\"error\\": false
        }
      },
      {
        \\"package\\": {
          \\"name\\": \\"axios\\",
          \\"registry_url\\": \\"https://registry.npmjs.org/axios\\",
          \\"npm_url\\": \\"https://www.npmjs.com/package/axios\\",
          \\"latest\\": {
            \\"version\\": \\"0.27.2\\",
            \\"releaseDate\\": \\"2022-04-27T10:00:58.685Z\\"
          },
          \\"current\\": {
            \\"version\\": \\"0.27.1\\",
            \\"releaseDate\\": \\"2022-04-26T07:36:38.268Z\\"
          },
          \\"upgradeType\\": \\"PATCH\\",
          \\"error\\": false
        }
      },
      {
        \\"package\\": {
          \\"name\\": \\"babel-jest\\",
          \\"registry_url\\": \\"https://registry.npmjs.org/babel-jest\\",
          \\"npm_url\\": \\"https://www.npmjs.com/package/babel-jest\\",
          \\"latest\\": {
            \\"version\\": \\"28.1.3\\",
            \\"releaseDate\\": \\"2022-07-13T14:12:33.491Z\\"
          },
          \\"current\\": {
            \\"version\\": \\"28.0.1\\",
            \\"releaseDate\\": \\"2022-04-26T10:02:43.209Z\\"
          },
          \\"upgradeType\\": \\"MINOR\\",
          \\"error\\": false
        }
      },
      {
        \\"package\\": {
          \\"name\\": \\"jest\\",
          \\"registry_url\\": \\"https://registry.npmjs.org/jest\\",
          \\"npm_url\\": \\"https://www.npmjs.com/package/jest\\",
          \\"latest\\": {
            \\"version\\": \\"28.1.3\\",
            \\"releaseDate\\": \\"2022-07-13T14:12:47.527Z\\"
          },
          \\"current\\": {
            \\"version\\": \\"28.0.1\\",
            \\"releaseDate\\": \\"2022-04-26T10:02:55.925Z\\"
          },
          \\"upgradeType\\": \\"MINOR\\",
          \\"error\\": false
        }
      },
      {
        \\"package\\": {
          \\"name\\": \\"semver\\",
          \\"registry_url\\": \\"https://registry.npmjs.org/semver\\",
          \\"npm_url\\": \\"https://www.npmjs.com/package/semver\\",
          \\"latest\\": {
            \\"version\\": \\"7.3.7\\",
            \\"releaseDate\\": \\"2022-04-12T17:26:24.970Z\\"
          },
          \\"current\\": {
            \\"version\\": \\"7.3.7\\",
            \\"releaseDate\\": \\"2022-04-12T17:26:24.970Z\\"
          },
          \\"upgradeType\\": \\"N/A\\",
          \\"error\\": false
        }
      }
    ],
    \\"failedLookups\\": []
  },
  \\"stats\\": {
    \\"N/A\\": 6,
    \\"PATCH\\": 2,
    \\"MINOR\\": 3
  },
  \\"reportGeneratedAt\\": {
    \\"date\\": false,
    \\"time\\": false
  }
}"
`;
